hostUartBootLoader.c:82:6:hostUartBootLoaderConfiguration	16	static
hostUartBootLoader.c:96:19:__hostBL	4	static
hostUartBootLoader.c:105:13:getTime	16	static
hostUartBootLoader.c:129:13:hostBootLoader_uartConfigForBL	8	static
hostUartBootLoader.c:164:13:hostBootLoader_sendData	16	static
hostUartBootLoader.c:174:16:hostBootLoader_getCmdHeader	16	static
hostUartBootLoader.c:182:16:hostBootLoader_getCmdFooter	16	static
hostUartBootLoader.c:190:13:hostBootLoader_sendCommand	24	static
hostUartBootLoader.c:205:13:hoatBootLoader_waittingResponeCmdConnect	16	static
hostUartBootLoader.c:227:13:hoatBootLoader_waittingResponeCmdGet	32	static
hostUartBootLoader.c:269:13:hoatBootLoader_waittingResponeCmdGetId	16	static
hostUartBootLoader.c:301:30:hostBootLoader_readCommand	16	static
hostUartBootLoader.c:382:6:hostUartBootLoaderProcess	16	static
