hostUartBootLoader.c:92:6:hostUartBootLoaderConfiguration	16	static
hostUartBootLoader.c:106:19:__hostBL	4	static
hostUartBootLoader.c:115:13:getTime	16	static
hostUartBootLoader.c:139:13:hostBootLoader_uartConfigForBL	8	static
hostUartBootLoader.c:184:13:hostBootLoader_sendData	16	static
hostUartBootLoader.c:200:16:hostBootLoader_getCmdHeader	16	static
hostUartBootLoader.c:208:16:hostBootLoader_getCmdFooter	16	static
hostUartBootLoader.c:216:13:hostBootLoader_sendCommand	24	static
hostUartBootLoader.c:233:13:hostBootLoader_waittingResponeCmdConnect	16	static
hostUartBootLoader.c:255:13:hostBootLoader_waittingResponeCmdGet	32	static
hostUartBootLoader.c:297:13:hostBootLoader_waittingResponeCmdGetId	16	static
hostUartBootLoader.c:329:16:hostBootLoader_waittingResponeCmdErase	16	static
hostUartBootLoader.c:401:13:hostBootLoader_readDataFromFlash	24	static
hostUartBootLoader.c:422:14:hostBootLoader_readMemCmd	48	static
hostUartBootLoader.c:513:13:hostBootLoader_verifyMemory	288	static
hostUartBootLoader.c:556:13:hostBootLoader_writeMemCmd	312	static
hostUartBootLoader.c:663:13:hostBootLoader_waittingResponeCmdWriteMem	56	static
hostUartBootLoader.c:733:13:hostBootLoader_waittingResponeCmdGo	16	static
hostUartBootLoader.c:754:30:hostBootLoader_readCommand	8	static
hostUartBootLoader.c:856:6:hostUartBootLoaderProcess	16	static
