protocol.h:171:20:mav_array_memcpy	24	static
mavlink_msg_heartbeat.h:108:24:mavlink_msg_heartbeat_pack_chan	48	static
mavlink_msg_heartbeat.h:160:24:mavlink_msg_heartbeat_encode_chan	56	static
mavlink_msg_heartbeat.h:321:20:mavlink_msg_heartbeat_decode	24	static
mavlink_msg_log_request_data.h:103:24:mavlink_msg_log_request_data_pack_chan	48	static
mavlink_msg_log_request_data.h:153:24:mavlink_msg_log_request_data_encode_chan	56	static
mavlink_msg_log_request_data.h:300:20:mavlink_msg_log_request_data_decode	24	static
mavlink_msg_log_data.h:94:24:mavlink_msg_log_data_pack_chan	136	static
mavlink_msg_log_data.h:140:24:mavlink_msg_log_data_encode_chan	48	static
mavlink_msg_log_data.h:268:20:mavlink_msg_log_data_decode	24	static
mavlink_msg_log_request_end.h:82:24:mavlink_msg_log_request_end_pack_chan	40	static
mavlink_msg_log_request_end.h:126:24:mavlink_msg_log_request_end_encode_chan	32	static
mavlink_msg_log_request_end.h:228:20:mavlink_msg_log_request_end_decode	24	static
mavlinkMsgHandle.c:66:6:mavlinkMsg_configuration	8	static
mavlinkMsgHandle.c:83:13:mavlinkMsg_sendHeartBeat	632	static
mavlinkMsgHandle.c:123:13:mavlinkMsg_sendLogData	728	static
mavlinkMsgHandle.c:158:13:mavlinkMsg_sendLogRequestData	648	static
mavlinkMsgHandle.c:194:13:mavlinkMsg_sendLogRequestEnd	624	static
mavlinkMsgHandle.c:227:13:mavlinkMsg_RecieverProcess	160	static
mavlinkMsgHandle.c:299:13:mavlinkMsg_readData	8	static
mavlinkMsgHandle.c:334:16:mavlinkMsg_isRecievedId	24	static
mavlinkMsgHandle.c:346:9:mavlinkMsg_checkConnection	24	static
mavlinkMsgHandle.c:398:9:mavlinkMsg_isLogRequestData	24	static
mavlinkMsgHandle.c:418:9:mavlinkMsg_isLogData	24	static
mavlinkMsgHandle.c:438:9:mavlinkMsg_isLogRequestEnd	24	static
mavlinkMsgHandle.c:458:6:mavlinkMsg_send_logData	224	static
mavlinkMsgHandle.c:474:6:mavlinkMsg_send_logRequestData	40	static
mavlinkMsgHandle.c:492:6:mavlinkMsg_send_logRequestEnd	24	static
mavlinkMsgHandle.c:507:6:mavlinkMsg_process	8	static
