mavlinkProtocol.h:45:20:valid_channel	16	static
checksum.h:35:20:crc_accumulate	24	static
checksum.h:52:20:crc_init	16	static
checksum.h:65:24:crc_calculate	24	static
checksum.h:85:20:crc_accumulate_buffer	32	static
mavlink_conversions.h:39:21:mavlink_quaternion_to_dcm	88	static
mavlink_conversions.h:69:21:mavlink_dcm_to_euler	40	static
mavlink_conversions.h:103:21:mavlink_quaternion_to_euler	64	static
mavlink_conversions.h:119:21:mavlink_euler_to_quaternion	48	static
mavlink_conversions.h:147:21:mavlink_dcm_to_quaternion	48	static
mavlink_conversions.h:190:21:mavlink_euler_to_dcm	48	static
mavlink_sha256.h:100:21:mavlink_sha256_init	16	static
mavlink_sha256.h:114:20:mavlink_sha256_calc	320	static
mavlink_sha256.h:161:21:mavlink_sha256_update	120	static
mavlink_sha256.h:201:21:mavlink_sha256_final_48	104	static
mavlink_helpers.h:23:34:mavlink_get_channel_status	16	static
mavlink_helpers.h:39:35:mavlink_get_channel_buffer	16	static
mavlink_helpers.h:55:21:mavlink_reset_channel_status	24	static
mavlink_helpers.h:64:24:mavlink_sign_packet	144	static
mavlink_helpers.h:99:24:_mav_trim_payload	16	static
mavlink_helpers.h:110:21:mavlink_signature_check	184	static
mavlink_helpers.h:202:25:mavlink_finalize_message_buffer	72	static
mavlink_helpers.h:263:25:mavlink_finalize_message_chan	40	static
mavlink_helpers.h:273:25:mavlink_finalize_message	32	static
mavlink_helpers.h:279:20:_mav_parse_error	16	static
mavlink_helpers.h:290:21:_mav_finalize_message_chan_send	96	static
mavlink_helpers.h:363:21:_mavlink_resend_uart	40	static
mavlink_helpers.h:416:25:mavlink_msg_to_send_buffer	32	static
mavlink_helpers.h:469:21:mavlink_start_checksum	16	static
mavlink_helpers.h:474:21:mavlink_update_checksum	16	static
mavlink_helpers.h:483:43:mavlink_get_msg_entry	32	static
mavlink_helpers.h:515:24:mavlink_get_crc_extra	24	static
mavlink_helpers.h:525:24:mavlink_expected_message_length	24	static
mavlink_helpers.h:565:24:mavlink_frame_char_buffer	40	static
mavlink_helpers.h:892:24:mavlink_frame_char	40	static
mavlink_helpers.h:904:21:mavlink_set_proto_version	24	static
mavlink_helpers.h:919:29:mavlink_get_proto_version	24	static
mavlink_helpers.h:969:24:mavlink_parse_char	40	static
mavlink_helpers.h:1001:24:put_bitfield_n_by_index	32	static
mavlink_helpers.h:1115:21:_mavlink_send_uart	16	static
mavlinkProtocol.c:50:6:mavlinkProtocol_serialPort3_init	8	static
mavlinkProtocol.c:65:6:mavlinkProtocol_serialPort3_Deinit	8	static
mavlinkProtocol.c:74:6:mavlinkProtocol_serialPort4_init	8	static
mavlinkProtocol.c:88:6:mavlinkProtocol_serialPort4_Deinit	8	static
mavlinkProtocol.c:100:6:mavlinkProtocol_init	4	static
mavlinkProtocol.c:133:6:mavlinkProtocol_serialPort3_readData	32	static
mavlinkProtocol.c:164:6:mavlinkProtocol_serialPort4_readData	32	static
mavlinkProtocol.c:208:6:comm_send_buffer	16	static
