../myLibrary/Src/storageFlash.c:56:6:storageFlash_configuration	16	static
../myLibrary/Src/storageFlash.c:75:6:float2Bytes	24	static
../myLibrary/Src/storageFlash.c:95:7:Bytes2float	32	static
../myLibrary/Src/storageFlash.c:115:5:storageFlash_getStringLen	24	static
../myLibrary/Src/storageFlash.c:133:17:storageFlash_GetSector	24	static
../myLibrary/Src/storageFlash.c:192:6:storageFlash_readData	24	static
../myLibrary/Src/storageFlash.c:209:6:storageFlash_confirmData	40	static
../myLibrary/Src/storageFlash.c:232:10:storageFlash_EraseSector	32	static
../myLibrary/Src/storageFlash.c:274:10:storageFlash_writeData	40	static
../myLibrary/Src/storageFlash.c:313:10:storageFlash_writeDataNonErase	24	static
../myLibrary/Src/storageFlash.c:323:6:storageFlash_writeNumber	24	static
../myLibrary/Src/storageFlash.c:334:7:storageFlash_readNumber	24	static
../myLibrary/Src/storageFlash.c:348:6:storageFlash_test	4	static
../myLibrary/Src/storageFlash.c:402:22:storageFlash_format	16	static
../myLibrary/Src/storageFlash.c:454:22:storageFlash_styleGremsy_configuration	32	static
../myLibrary/Src/storageFlash.c:576:17:storageFlash_findPageFull	24	static
../myLibrary/Src/storageFlash.c:602:17:storageFlash_findPageEmpty	24	static
../myLibrary/Src/storageFlash.c:628:17:storageFlash_findPageReciever	24	static
../myLibrary/Src/storageFlash.c:656:22:storageFlash_writeAndVerifyPageFull	48	static
../myLibrary/Src/storageFlash.c:705:13:storageFlash_readPageFull	40	static
../myLibrary/Src/storageFlash.c:753:22:storageFlash_tranferData	40	static
../myLibrary/Src/storageFlash.c:842:15:storageFlash_styleGremsy_write	24	static
../myLibrary/Src/storageFlash.c:859:6:storageFlash_styleGremsy_read	40	static
