uartBootLoader.c:94:6:uartBootLoaderConfiguration	8	static
uartBootLoader.c:137:13:uartBootLoaderSendAck	16	static
uartBootLoader.c:154:13:uartBootLoaderSendNack	16	static
uartBootLoader.c:171:13:uartBootLoaderSendMoreByte	16	static
uartBootLoader.c:188:9:uartBootLoaderChecksumCalculator	24	static
uartBootLoader.c:213:13:uartBootLoaderRecieverCmdConnect	24	static
uartBootLoader.c:252:24:uartBootLoaderReadCmd	16	static
uartBootLoader.c:311:13:uartBootLoaderResponseCmdGet	40	static
uartBootLoader.c:357:13:uartBootLoaderResponseCmdGetVer	24	static
uartBootLoader.c:381:13:uartBootLoaderResponseCmdGetId	24	static
uartBootLoader.c:405:13:uartBootLoaderResponseCmdReadMem	288	static
uartBootLoader.c:533:13:uartBootLoaderResponseCmdReadOP	8	static
uartBootLoader.c:545:13:uartBootLoaderResponseCmdReadOUP	8	static
uartBootLoader.c:557:13:uartBootLoaderResponseCmdErase	24	static
uartBootLoader.c:619:13:uartBootLoaderResponseCmdWriteMem	288	static
uartBootLoader.c:747:13:uartBootLoaderResponseCmdGo	24	static
uartBootLoader.c:818:13:uartBootLoaderStateConnected	16	static
uartBootLoader.c:920:13:uartBootLoaderJumToApplication	24	static,ignoring_inline_asm
uartBootLoader.c:946:6:uartBootLoaderProcess	8	static
