uartBootLoader.c:119:13:uartBootLoaderJumToApplication	24	static,ignoring_inline_asm
uartBootLoader.c:145:13:uartBootLoader_checkParam	16	static
uartBootLoader.c:153:6:uartBootLoaderConfiguration	16	static
uartBootLoader.c:218:13:uartBootLoaderSendAck	16	static
uartBootLoader.c:235:13:uartBootLoaderSendNack	16	static
uartBootLoader.c:254:13:uartBootLoaderSendMoreByte	16	static
uartBootLoader.c:271:9:uartBootLoaderChecksumCalculator	24	static
uartBootLoader.c:296:13:uartBootLoaderRecieverCmdConnect	16	static
uartBootLoader.c:338:24:uartBootLoaderReadCmd	16	static
uartBootLoader.c:399:13:uartBootLoaderResponseCmdGet	40	static
uartBootLoader.c:445:13:uartBootLoaderResponseCmdGetVer	24	static
uartBootLoader.c:469:13:uartBootLoaderResponseCmdGetId	24	static
uartBootLoader.c:493:13:uartBootLoaderResponseCmdReadMem	288	static
uartBootLoader.c:631:13:uartBootLoaderResponseCmdReadOP	8	static
uartBootLoader.c:643:13:uartBootLoaderResponseCmdReadOUP	8	static
uartBootLoader.c:655:13:uartBootLoaderResponseCmdErase	56	dynamic
uartBootLoader.c:846:13:uartBootLoaderResponseCmdWriteMem	288	static
uartBootLoader.c:994:13:uartBootLoaderResponseCmdGo	24	static
uartBootLoader.c:1071:13:uartBootLoaderStateConnected	16	static
uartBootLoader.c:1169:6:uartBootLoaderProcess	16	static
