uartBootLoader.c:95:13:uartBootLoaderJumToApplication	24	static,ignoring_inline_asm
uartBootLoader.c:121:6:uartBootLoaderConfiguration	8	static
uartBootLoader.c:164:13:uartBootLoaderSendAck	16	static
uartBootLoader.c:181:13:uartBootLoaderSendNack	16	static
uartBootLoader.c:198:13:uartBootLoaderSendMoreByte	16	static
uartBootLoader.c:215:9:uartBootLoaderChecksumCalculator	24	static
uartBootLoader.c:240:13:uartBootLoaderRecieverCmdConnect	24	static
uartBootLoader.c:281:24:uartBootLoaderReadCmd	16	static
uartBootLoader.c:340:13:uartBootLoaderResponseCmdGet	40	static
uartBootLoader.c:386:13:uartBootLoaderResponseCmdGetVer	24	static
uartBootLoader.c:410:13:uartBootLoaderResponseCmdGetId	24	static
uartBootLoader.c:434:13:uartBootLoaderResponseCmdReadMem	288	static
uartBootLoader.c:562:13:uartBootLoaderResponseCmdReadOP	8	static
uartBootLoader.c:574:13:uartBootLoaderResponseCmdReadOUP	8	static
uartBootLoader.c:586:13:uartBootLoaderResponseCmdErase	56	dynamic
uartBootLoader.c:783:13:uartBootLoaderResponseCmdWriteMem	288	static
uartBootLoader.c:919:13:uartBootLoaderResponseCmdGo	24	static
uartBootLoader.c:990:13:uartBootLoaderStateConnected	16	static
uartBootLoader.c:1093:6:uartBootLoaderProcess	8	static
