uartBootLoader.c:92:6:uartBootLoaderConfiguration	8	static
uartBootLoader.c:135:13:uartBootLoaderSendAck	16	static
uartBootLoader.c:145:13:uartBootLoaderSendNack	16	static
uartBootLoader.c:155:13:uartBootLoaderSendMoreByte	16	static
uartBootLoader.c:166:9:uartBootLoaderChecksumCalculator	24	static
uartBootLoader.c:191:13:uartBootLoaderRecieverCmdConnect	24	static
uartBootLoader.c:229:13:uartBootLoaderRecieverCmdGet	56	static
uartBootLoader.c:301:13:uartBootLoaderRecieverCmdGetVer	32	static
uartBootLoader.c:350:13:uartBootLoaderRecieverCmdGetId	40	static
uartBootLoader.c:399:13:uartBootLoaderRecieverCmdErase	24	static
uartBootLoader.c:443:13:uartBootLoaderRecieverCmdWriteMem1	16	static
uartBootLoader.c:479:35:uartBootLoaderRecieverCmdWriteMem2	32	static
uartBootLoader.c:543:35:uartBootLoaderRecieverCmdWriteMem3	24	static
uartBootLoader.c:643:24:uartBootLoaderReadCmd	16	static
uartBootLoader.c:702:13:uartBootLoaderResponseCmdGet	40	static
uartBootLoader.c:748:13:uartBootLoaderResponseCmdGetVer	24	static
uartBootLoader.c:772:13:uartBootLoaderResponseCmdGetId	24	static
uartBootLoader.c:796:13:uartBootLoaderResponseCmdReadMem	32	static
uartBootLoader.c:898:13:uartBootLoaderResponseCmdReadOP	8	static
uartBootLoader.c:910:13:uartBootLoaderResponseCmdReadOUP	8	static
uartBootLoader.c:922:13:uartBootLoaderStateConnected	16	static
uartBootLoader.c:1013:6:uartBootLoaderProcess	16	static
