uartBootLoader.c:120:13:uartBootLoaderJumToApplication	24	static,ignoring_inline_asm
uartBootLoader.c:146:13:uartBootLoader_checkParam	16	static
uartBootLoader.c:154:13:uartBootLoaderUartConfiguration	8	static
uartBootLoader.c:192:6:uartBootLoaderConfiguration	16	static
uartBootLoader.c:233:13:uartBootLoaderSendAck	16	static
uartBootLoader.c:250:13:uartBootLoaderSendNack	16	static
uartBootLoader.c:269:13:uartBootLoaderSendMoreByte	16	static
uartBootLoader.c:286:9:uartBootLoaderChecksumCalculator	24	static
uartBootLoader.c:311:13:uartBootLoaderRecieverCmdConnect	16	static
uartBootLoader.c:366:24:uartBootLoaderReadCmd	16	static
uartBootLoader.c:427:13:uartBootLoaderResponseCmdGet	40	static
uartBootLoader.c:473:13:uartBootLoaderResponseCmdGetVer	24	static
uartBootLoader.c:497:13:uartBootLoaderResponseCmdGetId	24	static
uartBootLoader.c:521:13:uartBootLoaderResponseCmdReadMem	288	static
uartBootLoader.c:659:13:uartBootLoaderResponseCmdReadOP	8	static
uartBootLoader.c:671:13:uartBootLoaderResponseCmdReadOUP	8	static
uartBootLoader.c:683:13:uartBootLoaderResponseCmdErase	56	dynamic
uartBootLoader.c:874:13:uartBootLoaderResponseCmdWriteMem	288	static
uartBootLoader.c:1022:13:uartBootLoaderResponseCmdGo	24	static
uartBootLoader.c:1099:13:uartBootLoaderStateConnected	16	static
uartBootLoader.c:1203:6:uartBootLoaderProcess	16	static
