uartBootLoader.c:51:6:uartBootLoaderConfiguration	8	static
uartBootLoader.c:78:13:uartBootLoaderSendAck	16	static
uartBootLoader.c:88:13:uartBootLoaderSendNack	16	static
uartBootLoader.c:98:13:uartBootLoaderSendMoreByte	16	static
uartBootLoader.c:109:9:uartBootLoaderChecksumCalculator	24	static
uartBootLoader.c:134:13:uartBootLoaderRecieverCmdConnect	24	static
uartBootLoader.c:172:13:uartBootLoaderRecieverCmdGet	56	static
uartBootLoader.c:243:13:uartBootLoaderRecieverCmdGetVer	32	static
uartBootLoader.c:292:13:uartBootLoaderRecieverCmdGetId	40	static
uartBootLoader.c:341:13:uartBootLoaderRecieverCmdErase	24	static
uartBootLoader.c:385:13:uartBootLoaderRecieverCmdWriteMem1	16	static
uartBootLoader.c:421:35:uartBootLoaderRecieverCmdWriteMem2	32	static
uartBootLoader.c:485:35:uartBootLoaderRecieverCmdWriteMem3	24	static
uartBootLoader.c:592:6:uartBootLoaderProcess	16	static
