uartBootLoader.c:119:13:uartBootLoaderJumToApplication	24	static,ignoring_inline_asm
uartBootLoader.c:145:6:uartBootLoaderConfiguration	8	static
uartBootLoader.c:188:13:uartBootLoaderSendAck	16	static
uartBootLoader.c:205:13:uartBootLoaderSendNack	16	static
uartBootLoader.c:224:13:uartBootLoaderSendMoreByte	16	static
uartBootLoader.c:241:9:uartBootLoaderChecksumCalculator	24	static
uartBootLoader.c:266:13:uartBootLoaderRecieverCmdConnect	16	static
uartBootLoader.c:308:24:uartBootLoaderReadCmd	16	static
uartBootLoader.c:369:13:uartBootLoaderResponseCmdGet	40	static
uartBootLoader.c:415:13:uartBootLoaderResponseCmdGetVer	24	static
uartBootLoader.c:439:13:uartBootLoaderResponseCmdGetId	24	static
uartBootLoader.c:463:13:uartBootLoaderResponseCmdReadMem	288	static
uartBootLoader.c:601:13:uartBootLoaderResponseCmdReadOP	8	static
uartBootLoader.c:613:13:uartBootLoaderResponseCmdReadOUP	8	static
uartBootLoader.c:625:13:uartBootLoaderResponseCmdErase	56	dynamic
uartBootLoader.c:816:13:uartBootLoaderResponseCmdWriteMem	288	static
uartBootLoader.c:964:13:uartBootLoaderResponseCmdGo	24	static
uartBootLoader.c:1041:13:uartBootLoaderStateConnected	16	static
uartBootLoader.c:1139:6:uartBootLoaderProcess	8	static
