uartBootLoader.c:119:13:uartBootLoaderJumToApplication	24	static,ignoring_inline_asm
uartBootLoader.c:145:13:uartBootLoader_checkParam	16	static
uartBootLoader.c:153:6:uartBootLoaderConfiguration	8	static
uartBootLoader.c:210:13:uartBootLoaderSendAck	16	static
uartBootLoader.c:227:13:uartBootLoaderSendNack	16	static
uartBootLoader.c:246:13:uartBootLoaderSendMoreByte	16	static
uartBootLoader.c:263:9:uartBootLoaderChecksumCalculator	24	static
uartBootLoader.c:288:13:uartBootLoaderRecieverCmdConnect	16	static
uartBootLoader.c:330:24:uartBootLoaderReadCmd	16	static
uartBootLoader.c:391:13:uartBootLoaderResponseCmdGet	40	static
uartBootLoader.c:437:13:uartBootLoaderResponseCmdGetVer	24	static
uartBootLoader.c:461:13:uartBootLoaderResponseCmdGetId	24	static
uartBootLoader.c:485:13:uartBootLoaderResponseCmdReadMem	288	static
uartBootLoader.c:623:13:uartBootLoaderResponseCmdReadOP	8	static
uartBootLoader.c:635:13:uartBootLoaderResponseCmdReadOUP	8	static
uartBootLoader.c:647:13:uartBootLoaderResponseCmdErase	56	dynamic
uartBootLoader.c:838:13:uartBootLoaderResponseCmdWriteMem	288	static
uartBootLoader.c:986:13:uartBootLoaderResponseCmdGo	24	static
uartBootLoader.c:1063:13:uartBootLoaderStateConnected	16	static
uartBootLoader.c:1161:6:uartBootLoaderProcess	16	static
